# Logfile created on 2014-11-08 09:48:54 -0500 by logger.rb/44203
D, [2014-11-08T09:51:15.902278 #4837] DEBUG -- : MONGODB [DEBUG] Logging level is currently :debug which could negatively impact client-side performance. You should set your logging level no lower than :info in production.
D, [2014-11-08T09:51:15.904519 #4837] DEBUG -- : MONGODB (0.7ms) admin['$cmd'].find({:isMaster=>1}).limit(-1)
